\BOOKMARK [1][-]{section*.1}{\376\377\000A\000b\000s\000t\000r\000a\000c\000t}{}% 1
\BOOKMARK [1][-]{section.1}{\376\377\0001\000\040\000I\000n\000t\000r\000o\000d\000u\000c\000t\000i\000o\000n}{}% 2
\BOOKMARK [1][-]{section.2}{\376\377\0002\000\040\000R\000e\000l\000a\000t\000e\000d\000\040\000W\000o\000r\000k}{}% 3
\BOOKMARK [1][-]{section.3}{\376\377\0003\000\040\000V\000i\000a\000b\000i\000l\000i\000t\000y\000\040\000F\000a\000i\000l\000u\000r\000e\000\040\000a\000n\000d\000\040\000H\000A\000C\000E}{}% 4
\BOOKMARK [2][-]{subsection.3.1}{\376\377\0003\000.\0001\000\040\000S\000e\000q\000u\000e\000n\000t\000i\000a\000l\000\040\000T\000a\000s\000k\000\040\000S\000e\000t\000t\000i\000n\000g}{section.3}% 5
\BOOKMARK [2][-]{subsection.3.2}{\376\377\0003\000.\0002\000\040\000V\000i\000a\000b\000i\000l\000i\000t\000y\000\040\000F\000a\000i\000l\000u\000r\000e}{section.3}% 6
\BOOKMARK [2][-]{subsection.3.3}{\376\377\0003\000.\0003\000\040\000H\000o\000m\000e\000o\000s\000t\000a\000t\000i\000c\000\040\000D\000r\000i\000v\000e\000\040\000R\000e\000d\000u\000c\000t\000i\000o\000n}{section.3}% 7
\BOOKMARK [1][-]{section.4}{\376\377\0004\000\040\000E\000x\000p\000e\000r\000i\000m\000e\000n\000t\000a\000l\000\040\000S\000e\000t\000u\000p}{}% 8
\BOOKMARK [2][-]{subsection.4.1}{\376\377\0004\000.\0001\000\040\000T\000a\000s\000k\000\040\000B\000e\000n\000c\000h\000m\000a\000r\000k}{section.4}% 9
\BOOKMARK [2][-]{subsection.4.2}{\376\377\0004\000.\0002\000\040\000A\000g\000e\000n\000t\000\040\000C\000a\000t\000a\000l\000o\000g}{section.4}% 10
\BOOKMARK [2][-]{subsection.4.3}{\376\377\0004\000.\0003\000\040\000M\000e\000t\000r\000i\000c\000s}{section.4}% 11
\BOOKMARK [2][-]{subsection.4.4}{\376\377\0004\000.\0004\000\040\000P\000r\000o\000t\000o\000c\000o\000l}{section.4}% 12
\BOOKMARK [1][-]{section.5}{\376\377\0005\000\040\000R\000e\000s\000u\000l\000t\000s}{}% 13
\BOOKMARK [2][-]{subsection.5.1}{\376\377\0005\000.\0001\000\040\000F\000u\000l\000l\000\040\0009\000-\000A\000g\000e\000n\000t\000\040\000S\000u\000i\000t\000e\000\040\000\050\0001\0000\000-\000T\000a\000s\000k\000\040\000,\000\040\000C\000a\000r\000r\000y\000o\000v\000e\000r\000\051}{section.5}% 14
\BOOKMARK [2][-]{subsection.5.2}{\376\377\0005\000.\0002\000\040\000R\000e\000s\000e\000t\000\040\000v\000s\000.\000\040\000C\000a\000r\000r\000y\000o\000v\000e\000r\000:\000\040\000I\000s\000o\000l\000a\000t\000i\000n\000g\000\040\000V\000i\000a\000b\000i\000l\000i\000t\000y\000\040\000F\000a\000i\000l\000u\000r\000e}{section.5}% 15
\BOOKMARK [1][-]{section.6}{\376\377\0006\000\040\000D\000i\000s\000c\000u\000s\000s\000i\000o\000n\000\040\000a\000n\000d\000\040\000C\000o\000n\000c\000l\000u\000s\000i\000o\000n}{}% 16
\BOOKMARK [1][-]{section*.16}{\376\377\000R\000e\000f\000e\000r\000e\000n\000c\000e\000s}{}% 17
\BOOKMARK [1][-]{appendix.A}{\376\377\000A\000\040\000H\000y\000p\000e\000r\000p\000a\000r\000a\000m\000e\000t\000e\000r\000s}{}% 18
\BOOKMARK [1][-]{appendix.B}{\376\377\000B\000\040\000T\000a\000s\000k\000\040\000S\000e\000q\000u\000e\000n\000c\000e\000\040\000D\000e\000f\000i\000n\000i\000t\000i\000o\000n\000s}{}% 19
\BOOKMARK [1][-]{appendix.C}{\376\377\000C\000\040\000P\000r\000e\000l\000i\000m\000i\000n\000a\000r\000y\000\040\000E\000x\000p\000e\000r\000i\000m\000e\000n\000t\000:\000\040\0005\000-\000T\000a\000s\000k\000\040\000S\000e\000q\000u\000e\000n\000t\000i\000a\000l\000\040\000P\000i\000l\000o\000t}{}% 20
\BOOKMARK [1][-]{appendix.D}{\376\377\000D\000\040\000O\000b\000s\000e\000r\000v\000a\000t\000i\000o\000n\000\040\000S\000p\000a\000c\000e\000\040\000D\000e\000t\000a\000i\000l\000s}{}% 21
